[backblue.gif]
[fade.gif]
[index.html]
[ocsolutions.co.in/html/jobportal/new/images/logo/Logo.png]
[ocsolutions.co.in/html/jobportal/new/images/home/Google-logo.png]
[ocsolutions.co.in/html/jobportal/new/images/home/Microsoft-Logo-PNG.png]
[ocsolutions.co.in/html/jobportal/new/images/home/women.png]
[ocsolutions.co.in/html/jobportal/new/images/home/job-for-you.png]
[ocsolutions.co.in/html/jobportal/new/images/home/job-hover.png]
[ocsolutions.co.in/html/jobportal/new/images/home/brand9.png]
[ocsolutions.co.in/html/jobportal/new/images/home/brand10.png]
[ocsolutions.co.in/html/jobportal/new/images/home/brand11.png]
[ocsolutions.co.in/html/jobportal/new/images/home/brand12.png]
[ocsolutions.co.in/html/jobportal/new/images/home/brand1.png]
[ocsolutions.co.in/html/jobportal/new/images/home/brand2.png]
[ocsolutions.co.in/html/jobportal/new/images/home/brand3.png]
[ocsolutions.co.in/html/jobportal/new/images/home/brand4.png]
[ocsolutions.co.in/html/jobportal/new/images/home/brand5.png]
[ocsolutions.co.in/html/jobportal/new/images/home/brand6.png]
[ocsolutions.co.in/html/jobportal/new/images/home/brand7.png]
[ocsolutions.co.in/html/jobportal/new/images/home/brand8.png]
[ocsolutions.co.in/html/jobportal/new/images/home/Testimonial-Background.png]
[ocsolutions.co.in/html/jobportal/new/images/home/testimonial-images.png]
[ocsolutions.co.in/html/jobportal/new/images/home/testimonial-image2.png]
[ocsolutions.co.in/html/jobportal/new/images/home/Testimonial-Images6.png]
[ocsolutions.co.in/html/jobportal/new/images/home/testimonial-image3.png]
[ocsolutions.co.in/html/jobportal/new/images/home/Testimonial4.png]
[ocsolutions.co.in/html/jobportal/new/images/home/Testimonial-Image5.png]
[ocsolutions.co.in/html/jobportal/new/images/home/blog-1.png]
[ocsolutions.co.in/html/jobportal/new/images/home/blog-3.png]
[ocsolutions.co.in/html/jobportal/new/images/home/blog-2.png]
[ocsolutions.co.in/html/jobportal/new/images/home/jobLogo-footer.png]
[ocsolutions.co.in/html/jobportal/new/assets/js/jquery.min.js]
[ocsolutions.co.in/html/jobportal/new/assets/js/popper.min.js]
[ocsolutions.co.in/html/jobportal/new/assets/js/bootstrap.min.js]
[ocsolutions.co.in/html/jobportal/new/index.html]
[ocsolutions.co.in/html/jobportal/new/images/home/first-banner.png]
[ocsolutions.co.in/html/jobportal/new/images/profile/banner.png]
[ocsolutions.co.in/html/jobportal/new/images/error/background.png]
[ocsolutions.co.in/html/jobportal/new/images/coming-soon/banner.png]
[ocsolutions.co.in/html/jobportal/new/images/job-listing/banner.png]
[ocsolutions.co.in/html/jobportal/new/css/stylesheet.css]
[ocsolutions.co.in/html/jobportal/new/assets/bootstrap/bootstrap.min.css]
[ocsolutions.co.in/html/jobportal/new/assets/font-awesome/fonts/fontawesome-webfont3e6e.eot]
[ocsolutions.co.in/html/jobportal/new/assets/font-awesome/fonts/fontawesome-webfontd41d.eot]
[ocsolutions.co.in/html/jobportal/new/assets/font-awesome/fonts/fontawesome-webfont3e6e.woff2]
[ocsolutions.co.in/html/jobportal/new/assets/font-awesome/fonts/fontawesome-webfont3e6e.woff]
[ocsolutions.co.in/html/jobportal/new/assets/font-awesome/fonts/fontawesome-webfont3e6e.ttf]
[ocsolutions.co.in/html/jobportal/new/assets/font-awesome/css/font-awesome.min.css]
[ocsolutions.co.in/html/jobportal/new/home.html]
[ocsolutions.co.in/html/jobportal/new/images/categories/banner.png]
[ocsolutions.co.in/html/jobportal/new/images/categories/sl-1.png]
[ocsolutions.co.in/html/jobportal/new/images/categories/sl-2.png]
[ocsolutions.co.in/html/jobportal/new/images/categories/sl-3.png]
[ocsolutions.co.in/html/jobportal/new/images/categories/blog-1.png]
[ocsolutions.co.in/html/jobportal/new/images/categories/blog-2.png]
[ocsolutions.co.in/html/jobportal/new/images/categories/blog-3.png]
[ocsolutions.co.in/html/jobportal/new/categories.html]
[ocsolutions.co.in/html/jobportal/new/images/about-us/Firs-banner.png]
[ocsolutions.co.in/html/jobportal/new/images/about-us/Second-banner.png]
[ocsolutions.co.in/html/jobportal/new/images/about-us/member1.png]
[ocsolutions.co.in/html/jobportal/new/images/about-us/memeber2.png]
[ocsolutions.co.in/html/jobportal/new/images/about-us/member3.png]
[ocsolutions.co.in/html/jobportal/new/images/about-us/member4.png]
[ocsolutions.co.in/html/jobportal/new/images/about-us/member5.png]
[ocsolutions.co.in/html/jobportal/new/images/about-us/member6.png]
[ocsolutions.co.in/html/jobportal/new/images/about-us/member7.png]
[ocsolutions.co.in/html/jobportal/new/images/about-us/member8.png]
[ocsolutions.co.in/html/jobportal/new/about-us.html]
[ocsolutions.co.in/html/jobportal/new/images/company-register.png]
[ocsolutions.co.in/html/jobportal/new/company-register.html]
[ocsolutions.co.in/html/jobportal/new/images/team-meeting.png]
[ocsolutions.co.in/html/jobportal/new/employer-login.html]
[ocsolutions.co.in/html/jobportal/new/images/contact-us/banner.png]
[ocsolutions.co.in/html/jobportal/new/images/company-listing/company-logo-1.png]
[ocsolutions.co.in/html/jobportal/new/images/company-listing/company-logo-2.png]
[ocsolutions.co.in/html/jobportal/new/images/company-listing/company-logo-3.png]
[ocsolutions.co.in/html/jobportal/new/images/company-listing/company-logo-4.png]
[ocsolutions.co.in/html/jobportal/new/images/company-listing/company-logo-5.png]
[ocsolutions.co.in/html/jobportal/new/images/company-listing/company-logo-6.png]
[ocsolutions.co.in/html/jobportal/new/images/company-listing/add-banner.png]
[ocsolutions.co.in/html/jobportal/new/company-listing.html]
[ocsolutions.co.in/html/jobportal/new/images/company-details/banner.png]
[ocsolutions.co.in/html/jobportal/new/images/company-details/company-logo.png]
[ocsolutions.co.in/html/jobportal/new/images/candidate-deails/right-banner.png]
[ocsolutions.co.in/html/jobportal/new/company-details.html]
[ocsolutions.co.in/html/jobportal/new/images/post-job/banner.png]
[ocsolutions.co.in/html/jobportal/new/post-job.html]
[ocsolutions.co.in/html/jobportal/new/images/job-listing/girl-img.png]
[ocsolutions.co.in/html/jobportal/new/images/job-listing/company-logo-1.png]
[ocsolutions.co.in/html/jobportal/new/images/job-listing/company-logo-2.png]
[ocsolutions.co.in/html/jobportal/new/images/job-listing/company-logo-3.png]
[ocsolutions.co.in/html/jobportal/new/images/job-listing/company-logo-4.png]
[ocsolutions.co.in/html/jobportal/new/images/job-listing/company-logo-5.png]
[ocsolutions.co.in/html/jobportal/new/images/job-listing/company-logo-6.png]
[ocsolutions.co.in/html/jobportal/new/images/job-listing/interview-banner.png]
[ocsolutions.co.in/html/jobportal/new/job-listing.html]
[ocsolutions.co.in/html/jobportal/new/images/job-details/company-logo.png]
[ocsolutions.co.in/html/jobportal/new/job-details.html]
[ocsolutions.co.in/html/jobportal/new/images/candidate-listing/candidate1.png]
[ocsolutions.co.in/html/jobportal/new/images/candidate-listing/candidate2.png]
[ocsolutions.co.in/html/jobportal/new/images/candidate-listing/candidate3.png]
[ocsolutions.co.in/html/jobportal/new/images/candidate-listing/candidate4.png]
[ocsolutions.co.in/html/jobportal/new/images/candidate-listing/candidate5.png]
[ocsolutions.co.in/html/jobportal/new/images/candidate-listing/candidate6.png]
[ocsolutions.co.in/html/jobportal/new/candidate-listing.html]
[ocsolutions.co.in/html/jobportal/new/images/candidate-deails/banner.png]
[ocsolutions.co.in/html/jobportal/new/images/candidate-deails/profile.png]
[ocsolutions.co.in/html/jobportal/new/candidate-details.html]
[ocsolutions.co.in/html/jobportal/new/images/profile/profile.png]
[ocsolutions.co.in/html/jobportal/new/profile.html]
[ocsolutions.co.in/html/jobportal/new/pricing.html]
[ocsolutions.co.in/html/jobportal/new/register.html]
[ocsolutions.co.in/html/jobportal/new/forgot-password.html]
[ocsolutions.co.in/html/jobportal/new/login.html]
[ocsolutions.co.in/html/jobportal/new/images/faq/still-right.png]
[ocsolutions.co.in/html/jobportal/new/faq.html]
[ocsolutions.co.in/html/jobportal/new/blog.html]
[ocsolutions.co.in/html/jobportal/new/blog-detail.html]
[ocsolutions.co.in/html/jobportal/new/coming-soon.html]
[ocsolutions.co.in/html/jobportal/new/images/error/bulb.png]
[ocsolutions.co.in/html/jobportal/new/images/error/vector.png]
[ocsolutions.co.in/html/jobportal/new/not-found.html]
[ocsolutions.co.in/html/jobportal/new/term-conditions.html]
[ocsolutions.co.in/html/jobportal/new/contact-us.html]
[ocsolutions.co.in/html/jobportal/new/assets/font-awesome/fonts/fontawesome-webfont3e6e.svg]
[ocsolutions.co.in/html/jobportal/new/blog-details.html]
[ocsolutions.co.in/html/jobportal/new/contact.html]
